Archive member included to satisfy reference by file (symbol)

/opt/Atollic_TrueSTUDIO_for_STM32_x86_64_9.1.0/ARMTools/bin/../lib/gcc/arm-atollic-eabi/6.3.1/../../../../arm-atollic-eabi/lib/armv7e-m/fpu/libc_nano.a(lib_a-init.o)
                              startup/startup_stm32f401xe.o (__libc_init_array)
/opt/Atollic_TrueSTUDIO_for_STM32_x86_64_9.1.0/ARMTools/bin/../lib/gcc/arm-atollic-eabi/6.3.1/../../../../arm-atollic-eabi/lib/armv7e-m/fpu/libc_nano.a(lib_a-memset.o)
                              Src/gpio.o (memset)
/opt/Atollic_TrueSTUDIO_for_STM32_x86_64_9.1.0/ARMTools/bin/../lib/gcc/arm-atollic-eabi/6.3.1/armv7e-m/fpu/libgcc.a(_aeabi_uldivmod.o)
                              Drivers/STM32F4xx_HAL_Driver/Src/stm32f4xx_hal_rcc.o (__aeabi_uldivmod)
/opt/Atollic_TrueSTUDIO_for_STM32_x86_64_9.1.0/ARMTools/bin/../lib/gcc/arm-atollic-eabi/6.3.1/armv7e-m/fpu/libgcc.a(_udivmoddi4.o)
                              /opt/Atollic_TrueSTUDIO_for_STM32_x86_64_9.1.0/ARMTools/bin/../lib/gcc/arm-atollic-eabi/6.3.1/armv7e-m/fpu/libgcc.a(_aeabi_uldivmod.o) (__udivmoddi4)
/opt/Atollic_TrueSTUDIO_for_STM32_x86_64_9.1.0/ARMTools/bin/../lib/gcc/arm-atollic-eabi/6.3.1/armv7e-m/fpu/libgcc.a(_dvmd_tls.o)
                              /opt/Atollic_TrueSTUDIO_for_STM32_x86_64_9.1.0/ARMTools/bin/../lib/gcc/arm-atollic-eabi/6.3.1/armv7e-m/fpu/libgcc.a(_aeabi_uldivmod.o) (__aeabi_ldiv0)

Allocating common symbols
Common symbol       size              file

uwTick              0x4               Drivers/STM32F4xx_HAL_Driver/Src/stm32f4xx_hal.o
pFlash              0x20              Drivers/STM32F4xx_HAL_Driver/Src/stm32f4xx_hal_flash.o
htim3               0x3c              Src/tim.o
huart2              0x40              Src/usart.o

Discarded input sections

 .text          0x0000000000000000        0x0 /opt/Atollic_TrueSTUDIO_for_STM32_x86_64_9.1.0/ARMTools/bin/../lib/gcc/arm-atollic-eabi/6.3.1/armv7e-m/fpu/crti.o
 .data          0x0000000000000000        0x0 /opt/Atollic_TrueSTUDIO_for_STM32_x86_64_9.1.0/ARMTools/bin/../lib/gcc/arm-atollic-eabi/6.3.1/armv7e-m/fpu/crti.o
 .bss           0x0000000000000000        0x0 /opt/Atollic_TrueSTUDIO_for_STM32_x86_64_9.1.0/ARMTools/bin/../lib/gcc/arm-atollic-eabi/6.3.1/armv7e-m/fpu/crti.o
 .data          0x0000000000000000        0x4 /opt/Atollic_TrueSTUDIO_for_STM32_x86_64_9.1.0/ARMTools/bin/../lib/gcc/arm-atollic-eabi/6.3.1/armv7e-m/fpu/crtbegin.o
 .text          0x0000000000000000        0x0 Drivers/STM32F4xx_HAL_Driver/Src/stm32f4xx_hal.o
 .data          0x0000000000000000        0x0 Drivers/STM32F4xx_HAL_Driver/Src/stm32f4xx_hal.o
 .bss           0x0000000000000000        0x0 Drivers/STM32F4xx_HAL_Driver/Src/stm32f4xx_hal.o
 .text.HAL_MspInit
                0x0000000000000000        0x2 Drivers/STM32F4xx_HAL_Driver/Src/stm32f4xx_hal.o
 .text.HAL_MspDeInit
                0x0000000000000000        0x2 Drivers/STM32F4xx_HAL_Driver/Src/stm32f4xx_hal.o
 .text.HAL_DeInit
                0x0000000000000000       0x2c Drivers/STM32F4xx_HAL_Driver/Src/stm32f4xx_hal.o
 .text.HAL_GetTickPrio
                0x0000000000000000        0xc Drivers/STM32F4xx_HAL_Driver/Src/stm32f4xx_hal.o
 .text.HAL_SetTickFreq
                0x0000000000000000       0x24 Drivers/STM32F4xx_HAL_Driver/Src/stm32f4xx_hal.o
 .text.HAL_GetTickFreq
                0x0000000000000000        0xc Drivers/STM32F4xx_HAL_Driver/Src/stm32f4xx_hal.o
 .text.HAL_Delay
                0x0000000000000000       0x28 Drivers/STM32F4xx_HAL_Driver/Src/stm32f4xx_hal.o
 .text.HAL_SuspendTick
                0x0000000000000000       0x10 Drivers/STM32F4xx_HAL_Driver/Src/stm32f4xx_hal.o
 .text.HAL_ResumeTick
                0x0000000000000000       0x10 Drivers/STM32F4xx_HAL_Driver/Src/stm32f4xx_hal.o
 .text.HAL_GetHalVersion
                0x0000000000000000        0x8 Drivers/STM32F4xx_HAL_Driver/Src/stm32f4xx_hal.o
 .text.HAL_GetREVID
                0x0000000000000000        0xc Drivers/STM32F4xx_HAL_Driver/Src/stm32f4xx_hal.o
 .text.HAL_GetDEVID
                0x0000000000000000       0x10 Drivers/STM32F4xx_HAL_Driver/Src/stm32f4xx_hal.o
 .text.HAL_DBGMCU_EnableDBGSleepMode
                0x0000000000000000       0x10 Drivers/STM32F4xx_HAL_Driver/Src/stm32f4xx_hal.o
 .text.HAL_DBGMCU_DisableDBGSleepMode
                0x0000000000000000       0x10 Drivers/STM32F4xx_HAL_Driver/Src/stm32f4xx_hal.o
 .text.HAL_DBGMCU_EnableDBGStopMode
                0x0000000000000000       0x10 Drivers/STM32F4xx_HAL_Driver/Src/stm32f4xx_hal.o
 .text.HAL_DBGMCU_DisableDBGStopMode
                0x0000000000000000       0x10 Drivers/STM32F4xx_HAL_Driver/Src/stm32f4xx_hal.o
 .text.HAL_DBGMCU_EnableDBGStandbyMode
                0x0000000000000000       0x10 Drivers/STM32F4xx_HAL_Driver/Src/stm32f4xx_hal.o
 .text.HAL_DBGMCU_DisableDBGStandbyMode
                0x0000000000000000       0x10 Drivers/STM32F4xx_HAL_Driver/Src/stm32f4xx_hal.o
 .text.HAL_EnableCompensationCell
[...]
Memory Configuration

Name             Origin             Length             Attributes
RAM              0x0000000020000000 0x0000000000018000 xrw
FLASH            0x0000000008000000 0x0000000000080000 xr
*default*        0x0000000000000000 0xffffffffffffffff

Linker script and memory map

LOAD /opt/Atollic_TrueSTUDIO_for_STM32_x86_64_9.1.0/ARMTools/bin/../lib/gcc/arm-atollic-eabi/6.3.1/armv7e-m/fpu/crti.o
LOAD /opt/Atollic_TrueSTUDIO_for_STM32_x86_64_9.1.0/ARMTools/bin/../lib/gcc/arm-atollic-eabi/6.3.1/armv7e-m/fpu/crtbegin.o
LOAD Drivers/STM32F4xx_HAL_Driver/Src/stm32f4xx_hal.o
LOAD Drivers/STM32F4xx_HAL_Driver/Src/stm32f4xx_hal_cortex.o
LOAD Drivers/STM32F4xx_HAL_Driver/Src/stm32f4xx_hal_dma.o
LOAD Drivers/STM32F4xx_HAL_Driver/Src/stm32f4xx_hal_dma_ex.o
LOAD Drivers/STM32F4xx_HAL_Driver/Src/stm32f4xx_hal_flash.o
LOAD Drivers/STM32F4xx_HAL_Driver/Src/stm32f4xx_hal_flash_ex.o
LOAD Drivers/STM32F4xx_HAL_Driver/Src/stm32f4xx_hal_flash_ramfunc.o
LOAD Drivers/STM32F4xx_HAL_Driver/Src/stm32f4xx_hal_gpio.o
LOAD Drivers/STM32F4xx_HAL_Driver/Src/stm32f4xx_hal_pwr.o
LOAD Drivers/STM32F4xx_HAL_Driver/Src/stm32f4xx_hal_pwr_ex.o
LOAD Drivers/STM32F4xx_HAL_Driver/Src/stm32f4xx_hal_rcc.o
LOAD Drivers/STM32F4xx_HAL_Driver/Src/stm32f4xx_hal_rcc_ex.o
LOAD Drivers/STM32F4xx_HAL_Driver/Src/stm32f4xx_hal_tim.o
LOAD Drivers/STM32F4xx_HAL_Driver/Src/stm32f4xx_hal_tim_ex.o
LOAD Drivers/STM32F4xx_HAL_Driver/Src/stm32f4xx_hal_uart.o
LOAD Src/gpio.o
LOAD Src/main.o
LOAD Src/stm32f4xx_hal_msp.o
LOAD Src/stm32f4xx_it.o
LOAD Src/system_stm32f4xx.o
LOAD Src/tim.o
LOAD Src/usart.o
LOAD startup/startup_stm32f401xe.o
                0x0000000000000080                malloc_getpagesize_P = 0x80
START GROUP
LOAD /opt/Atollic_TrueSTUDIO_for_STM32_x86_64_9.1.0/ARMTools/bin/../lib/gcc/arm-atollic-eabi/6.3.1/../../../../arm-atollic-eabi/lib/armv7e-m/fpu/libc_nano.a
LOAD /opt/Atollic_TrueSTUDIO_for_STM32_x86_64_9.1.0/ARMTools/bin/../lib/gcc/arm-atollic-eabi/6.3.1/../../../../arm-atollic-eabi/lib/armv7e-m/fpu/libm.a
END GROUP
START GROUP
LOAD /opt/Atollic_TrueSTUDIO_for_STM32_x86_64_9.1.0/ARMTools/bin/../lib/gcc/arm-atollic-eabi/6.3.1/armv7e-m/fpu/libgcc.a
LOAD /opt/Atollic_TrueSTUDIO_for_STM32_x86_64_9.1.0/ARMTools/bin/../lib/gcc/arm-atollic-eabi/6.3.1/../../../../arm-atollic-eabi/lib/armv7e-m/fpu/libc_nano.a
END GROUP
START GROUP
LOAD /opt/Atollic_TrueSTUDIO_for_STM32_x86_64_9.1.0/ARMTools/bin/../lib/gcc/arm-atollic-eabi/6.3.1/armv7e-m/fpu/libgcc.a
LOAD /opt/Atollic_TrueSTUDIO_for_STM32_x86_64_9.1.0/ARMTools/bin/../lib/gcc/arm-atollic-eabi/6.3.1/../../../../arm-atollic-eabi/lib/armv7e-m/fpu/libc_nano.a
LOAD /opt/Atollic_TrueSTUDIO_for_STM32_x86_64_9.1.0/ARMTools/bin/../lib/gcc/arm-atollic-eabi/6.3.1/../../../../arm-atollic-eabi/lib/armv7e-m/fpu/libnosys.a
END GROUP
START GROUP
LOAD /opt/Atollic_TrueSTUDIO_for_STM32_x86_64_9.1.0/ARMTools/bin/../lib/gcc/arm-atollic-eabi/6.3.1/armv7e-m/fpu/libgcc.a
LOAD /opt/Atollic_TrueSTUDIO_for_STM32_x86_64_9.1.0/ARMTools/bin/../lib/gcc/arm-atollic-eabi/6.3.1/../../../../arm-atollic-eabi/lib/armv7e-m/fpu/libc_nano.a
LOAD /opt/Atollic_TrueSTUDIO_for_STM32_x86_64_9.1.0/ARMTools/bin/../lib/gcc/arm-atollic-eabi/6.3.1/../../../../arm-atollic-eabi/lib/armv7e-m/fpu/libnosys.a
END GROUP
LOAD /opt/Atollic_TrueSTUDIO_for_STM32_x86_64_9.1.0/ARMTools/bin/../lib/gcc/arm-atollic-eabi/6.3.1/armv7e-m/fpu/crtend.o
LOAD /opt/Atollic_TrueSTUDIO_for_STM32_x86_64_9.1.0/ARMTools/bin/../lib/gcc/arm-atollic-eabi/6.3.1/armv7e-m/fpu/crtn.o
                0x0000000020018000                _estack = 0x20018000
                0x0000000000000200                _Min_Heap_Size = 0x200
                0x0000000000000400                _Min_Stack_Size = 0x400

.isr_vector     0x0000000008000000      0x194
                0x0000000008000000                . = ALIGN (0x4)
 *(.isr_vector)
 .isr_vector    0x0000000008000000      0x194 startup/startup_stm32f401xe.o
                0x0000000008000000                g_pfnVectors
                0x0000000008000194                . = ALIGN (0x4)

.text           0x0000000008000194     0x1624
                0x0000000008000194                . = ALIGN (0x4)
 *(.text)
 .text          0x0000000008000194       0x40 /opt/Atollic_TrueSTUDIO_for_STM32_x86_64_9.1.0/ARMTools/bin/../lib/gcc/arm-atollic-eabi/6.3.1/armv7e-m/fpu/crtbegin.o
 .text          0x00000000080001d4       0x30 /opt/Atollic_TrueSTUDIO_for_STM32_x86_64_9.1.0/ARMTools/bin/../lib/gcc/arm-atollic-eabi/6.3.1/armv7e-m/fpu/libgcc.a(_aeabi_uldivmod.o)
                0x00000000080001d4                __aeabi_uldivmod
 .text          0x0000000008000204      0x2dc /opt/Atollic_TrueSTUDIO_for_STM32_x86_64_9.1.0/ARMTools/bin/../lib/gcc/arm-atollic-eabi/6.3.1/armv7e-m/fpu/libgcc.a(_udivmoddi4.o)
                0x0000000008000204                __udivmoddi4
 .text          0x00000000080004e0        0x4 /opt/Atollic_TrueSTUDIO_for_STM32_x86_64_9.1.0/ARMTools/bin/../lib/gcc/arm-atollic-eabi/6.3.1/armv7e-m/fpu/libgcc.a(_dvmd_tls.o)
                0x00000000080004e0                __aeabi_ldiv0
                0x00000000080004e0                __aeabi_idiv0
 *(.text*)
 .text.HAL_InitTick
                0x00000000080004e4       0x48 Drivers/STM32F4xx_HAL_Driver/Src/stm32f4xx_hal.o
                0x00000000080004e4                HAL_InitTick
 .text.HAL_Init
                0x000000000800052c       0x34 Drivers/STM32F4xx_HAL_Driver/Src/stm32f4xx_hal.o
                0x000000000800052c                HAL_Init
 .text.HAL_IncTick
                0x0000000008000560       0x18 Drivers/STM32F4xx_HAL_Driver/Src/stm32f4xx_hal.o
                0x0000000008000560                HAL_IncTick
 .text.HAL_GetTick
                0x0000000008000578        0xc Drivers/STM32F4xx_HAL_Driver/Src/stm32f4xx_hal.o
                0x0000000008000578                HAL_GetTick
 .text.HAL_NVIC_SetPriorityGrouping
                0x0000000008000584       0x24 Drivers/STM32F4xx_HAL_Driver/Src/stm32f4xx_hal_cortex.o
                0x0000000008000584                HAL_NVIC_SetPriorityGrouping
 .text.HAL_NVIC_SetPriority
                0x00000000080005a8       0x68 Drivers/STM32F4xx_HAL_Driver/Src/stm32f4xx_hal_cortex.o
                0x00000000080005a8                HAL_NVIC_SetPriority
 .text.HAL_NVIC_EnableIRQ
                0x0000000008000610       0x18 Drivers/STM32F4xx_HAL_Driver/Src/stm32f4xx_hal_cortex.o
                0x0000000008000610                HAL_NVIC_EnableIRQ
 .text.HAL_SYSTICK_Config
                0x0000000008000628       0x2c Drivers/STM32F4xx_HAL_Driver/Src/stm32f4xx_hal_cortex.o
                0x0000000008000628                HAL_SYSTICK_Config
 .text.HAL_GPIO_Init
                0x0000000008000654      0x1ac Drivers/STM32F4xx_HAL_Driver/Src/stm32f4xx_hal_gpio.o
                0x0000000008000654                HAL_GPIO_Init
 .text.HAL_GPIO_WritePin
                0x0000000008000800        0xa Drivers/STM32F4xx_HAL_Driver/Src/stm32f4xx_hal_gpio.o
                0x0000000008000800                HAL_GPIO_WritePin
 .text.HAL_GPIO_TogglePin
                0x000000000800080a        0x8 Drivers/STM32F4xx_HAL_Driver/Src/stm32f4xx_hal_gpio.o
                0x000000000800080a                HAL_GPIO_TogglePin
 *fill*         0x0000000008000812        0x2 
 .text.HAL_RCC_OscConfig
                0x0000000008000814      0x304 Drivers/STM32F4xx_HAL_Driver/Src/stm32f4xx_hal_rcc.o
                0x0000000008000814                HAL_RCC_OscConfig
 .text.HAL_RCC_GetSysClockFreq
                0x0000000008000b18       0x5c Drivers/STM32F4xx_HAL_Driver/Src/stm32f4xx_hal_rcc.o
                0x0000000008000b18                HAL_RCC_GetSysClockFreq
 .text.HAL_RCC_ClockConfig
                0x0000000008000b74      0x134 Drivers/STM32F4xx_HAL_Driver/Src/stm32f4xx_hal_rcc.o
                0x0000000008000b74                HAL_RCC_ClockConfig
 .text.HAL_RCC_GetPCLK1Freq
                0x0000000008000ca8       0x20 Drivers/STM32F4xx_HAL_Driver/Src/stm32f4xx_hal_rcc.o
                0x0000000008000ca8                HAL_RCC_GetPCLK1Freq
 .text.HAL_RCC_GetPCLK2Freq
                0x0000000008000cc8       0x20 Drivers/STM32F4xx_HAL_Driver/Src/stm32f4xx_hal_rcc.o
                0x0000000008000cc8                HAL_RCC_GetPCLK2Freq
 .text.HAL_TIM_Base_Start_IT
                0x0000000008000ce8       0x16 Drivers/STM32F4xx_HAL_Driver/Src/stm32f4xx_hal_tim.o
                0x0000000008000ce8                HAL_TIM_Base_Start_IT
 .text.HAL_TIM_ConfigClockSource
                0x0000000008000cfe      0x172 Drivers/STM32F4xx_HAL_Driver/Src/stm32f4xx_hal_tim.o
                0x0000000008000cfe                HAL_TIM_ConfigClockSource
 .text.HAL_TIM_OC_DelayElapsedCallback
                0x0000000008000e70        0x2 Drivers/STM32F4xx_HAL_Driver/Src/stm32f4xx_hal_tim.o
                0x0000000008000e70                HAL_TIM_OC_DelayElapsedCallback
 .text.HAL_TIM_IC_CaptureCallback
                0x0000000008000e72        0x2 Drivers/STM32F4xx_HAL_Driver/Src/stm32f4xx_hal_tim.o
                0x0000000008000e72                HAL_TIM_IC_CaptureCallback
 .text.HAL_TIM_PWM_PulseFinishedCallback
                0x0000000008000e74        0x2 Drivers/STM32F4xx_HAL_Driver/Src/stm32f4xx_hal_tim.o
                0x0000000008000e74                HAL_TIM_PWM_PulseFinishedCallback
 .text.HAL_TIM_TriggerCallback
                0x0000000008000e76        0x2 Drivers/STM32F4xx_HAL_Driver/Src/stm32f4xx_hal_tim.o
                0x0000000008000e76                HAL_TIM_TriggerCallback
 .text.HAL_TIM_IRQHandler
                0x0000000008000e78      0x144 Drivers/STM32F4xx_HAL_Driver/Src/stm32f4xx_hal_tim.o
                0x0000000008000e78                HAL_TIM_IRQHandler
 .text.TIM_Base_SetConfig
                0x0000000008000fbc       0x98 Drivers/STM32F4xx_HAL_Driver/Src/stm32f4xx_hal_tim.o
                0x0000000008000fbc                TIM_Base_SetConfig
 .text.HAL_TIM_Base_Init
                0x0000000008001054       0x34 Drivers/STM32F4xx_HAL_Driver/Src/stm32f4xx_hal_tim.o
                0x0000000008001054                HAL_TIM_Base_Init
 .text.HAL_TIMEx_MasterConfigSynchronization
                0x0000000008001088       0x44 Drivers/STM32F4xx_HAL_Driver/Src/stm32f4xx_hal_tim_ex.o
                0x0000000008001088                HAL_TIMEx_MasterConfigSynchronization
 .text.HAL_TIMEx_CommutationCallback
                0x00000000080010cc        0x2 Drivers/STM32F4xx_HAL_Driver/Src/stm32f4xx_hal_tim_ex.o
                0x00000000080010cc                HAL_TIMEx_CommutationCallback
 .text.HAL_TIMEx_BreakCallback
                0x00000000080010ce        0x2 Drivers/STM32F4xx_HAL_Driver/Src/stm32f4xx_hal_tim_ex.o
                0x00000000080010ce                HAL_TIMEx_BreakCallback
 .text.UART_SetConfig
                0x00000000080010d0      0x234 Drivers/STM32F4xx_HAL_Driver/Src/stm32f4xx_hal_uart.o
 .text.HAL_UART_Init
                0x0000000008001304       0x5c Drivers/STM32F4xx_HAL_Driver/Src/stm32f4xx_hal_uart.o
                0x0000000008001304                HAL_UART_Init
 .text.MX_GPIO_Init
                0x0000000008001360       0xac Src/gpio.o
                0x0000000008001360                MX_GPIO_Init
 .text.SystemClock_Config
                0x000000000800140c       0x94 Src/main.o
                0x000000000800140c                SystemClock_Config
 .text.startup.main
                0x00000000080014a0       0x2c Src/main.o
                0x00000000080014a0                main
 .text.HAL_TIM_PeriodElapsedCallback
                0x00000000080014cc       0x34 Src/main.o
                0x00000000080014cc                HAL_TIM_PeriodElapsedCallback
 .text.Error_Handler
                0x0000000008001500        0x2 Src/main.o
                0x0000000008001500                Error_Handler
 *fill*         0x0000000008001502        0x2 
 .text.HAL_MspInit
                0x0000000008001504       0x40 Src/stm32f4xx_hal_msp.o
                0x0000000008001504                HAL_MspInit
 .text.NMI_Handler
                0x0000000008001544        0x2 Src/stm32f4xx_it.o
                0x0000000008001544                NMI_Handler
 .text.HardFault_Handler
                0x0000000008001546        0x2 Src/stm32f4xx_it.o
                0x0000000008001546                HardFault_Handler
 .text.MemManage_Handler
                0x0000000008001548        0x2 Src/stm32f4xx_it.o
                0x0000000008001548                MemManage_Handler
 .text.BusFault_Handler
                0x000000000800154a        0x2 Src/stm32f4xx_it.o
                0x000000000800154a                BusFault_Handler
 .text.UsageFault_Handler
                0x000000000800154c        0x2 Src/stm32f4xx_it.o
                0x000000000800154c                UsageFault_Handler
 .text.SVC_Handler
                0x000000000800154e        0x2 Src/stm32f4xx_it.o
                0x000000000800154e                SVC_Handler
 .text.DebugMon_Handler
                0x0000000008001550        0x2 Src/stm32f4xx_it.o
                0x0000000008001550                DebugMon_Handler
 .text.PendSV_Handler
                0x0000000008001552        0x2 Src/stm32f4xx_it.o
                0x0000000008001552                PendSV_Handler
 .text.SysTick_Handler
                0x0000000008001554        0x4 Src/stm32f4xx_it.o
                0x0000000008001554                SysTick_Handler
 .text.TIM3_IRQHandler
                0x0000000008001558        0xc Src/stm32f4xx_it.o
                0x0000000008001558                TIM3_IRQHandler
 .text.SystemInit
                0x0000000008001564       0x4c Src/system_stm32f4xx.o
                0x0000000008001564                SystemInit
 .text.MX_TIM3_Init
                0x00000000080015b0       0x68 Src/tim.o
                0x00000000080015b0                MX_TIM3_Init
 .text.HAL_TIM_Base_MspInit
                0x0000000008001618       0x3c Src/tim.o
                0x0000000008001618                HAL_TIM_Base_MspInit
 .text.MX_USART2_UART_Init
                0x0000000008001654       0x38 Src/usart.o
                0x0000000008001654                MX_USART2_UART_Init
 .text.HAL_UART_MspInit
                0x000000000800168c       0x68 Src/usart.o
                0x000000000800168c                HAL_UART_MspInit
 .text.Reset_Handler
                0x00000000080016f4       0x50 startup/startup_stm32f401xe.o
                0x00000000080016f4                Reset_Handler
 .text.Default_Handler
                0x0000000008001744        0x2 startup/startup_stm32f401xe.o
                0x0000000008001744                RTC_Alarm_IRQHandler
                0x0000000008001744                EXTI2_IRQHandler
                0x0000000008001744                SPI4_IRQHandler
                0x0000000008001744                TIM1_CC_IRQHandler
                0x0000000008001744                DMA2_Stream5_IRQHandler
                0x0000000008001744                DMA1_Stream5_IRQHandler
                0x0000000008001744                PVD_IRQHandler
                0x0000000008001744                SDIO_IRQHandler
                0x0000000008001744                TAMP_STAMP_IRQHandler
                0x0000000008001744                EXTI3_IRQHandler
                0x0000000008001744                TIM1_UP_TIM10_IRQHandler
                0x0000000008001744                I2C3_ER_IRQHandler
                0x0000000008001744                EXTI0_IRQHandler
                0x0000000008001744                I2C2_EV_IRQHandler
                0x0000000008001744                DMA1_Stream2_IRQHandler
                0x0000000008001744                FPU_IRQHandler
                0x0000000008001744                DMA2_Stream2_IRQHandler
                0x0000000008001744                SPI1_IRQHandler
                0x0000000008001744                TIM1_BRK_TIM9_IRQHandler
                0x0000000008001744                DMA2_Stream3_IRQHandler
                0x0000000008001744                USART6_IRQHandler
                0x0000000008001744                DMA2_Stream0_IRQHandler
                0x0000000008001744                TIM4_IRQHandler
                0x0000000008001744                I2C1_EV_IRQHandler
                0x0000000008001744                DMA1_Stream6_IRQHandler
                0x0000000008001744                DMA1_Stream1_IRQHandler
                0x0000000008001744                RCC_IRQHandler
                0x0000000008001744                Default_Handler
                0x0000000008001744                EXTI15_10_IRQHandler
                0x0000000008001744                ADC_IRQHandler
                0x0000000008001744                DMA1_Stream7_IRQHandler
                0x0000000008001744                TIM5_IRQHandler
                0x0000000008001744                DMA2_Stream7_IRQHandler
                0x0000000008001744                I2C3_EV_IRQHandler
                0x0000000008001744                EXTI9_5_IRQHandler
                0x0000000008001744                RTC_WKUP_IRQHandler
                0x0000000008001744                SPI2_IRQHandler
                0x0000000008001744                DMA1_Stream0_IRQHandler
                0x0000000008001744                EXTI4_IRQHandler
                0x0000000008001744                WWDG_IRQHandler
                0x0000000008001744                TIM2_IRQHandler
                0x0000000008001744                OTG_FS_WKUP_IRQHandler
                0x0000000008001744                TIM1_TRG_COM_TIM11_IRQHandler
                0x0000000008001744                EXTI1_IRQHandler
                0x0000000008001744                USART2_IRQHandler
                0x0000000008001744                I2C2_ER_IRQHandler
                0x0000000008001744                DMA2_Stream1_IRQHandler
                0x0000000008001744                FLASH_IRQHandler
                0x0000000008001744                DMA2_Stream4_IRQHandler
                0x0000000008001744                USART1_IRQHandler
                0x0000000008001744                OTG_FS_IRQHandler
                0x0000000008001744                SPI3_IRQHandler
                0x0000000008001744                DMA1_Stream4_IRQHandler
                0x0000000008001744                I2C1_ER_IRQHandler
                0x0000000008001744                DMA2_Stream6_IRQHandler
                0x0000000008001744                DMA1_Stream3_IRQHandler
 *fill*         0x0000000008001746        0x2 
 .text.__libc_init_array
                0x0000000008001748       0x48 /opt/Atollic_TrueSTUDIO_for_STM32_x86_64_9.1.0/ARMTools/bin/../lib/gcc/arm-atollic-eabi/6.3.1/../../../../arm-atollic-eabi/lib/armv7e-m/fpu/libc_nano.a(lib_a-init.o)
                0x0000000008001748                __libc_init_array
 .text.memset   0x0000000008001790       0x10 /opt/Atollic_TrueSTUDIO_for_STM32_x86_64_9.1.0/ARMTools/bin/../lib/gcc/arm-atollic-eabi/6.3.1/../../../../arm-atollic-eabi/lib/armv7e-m/fpu/libc_nano.a(lib_a-memset.o)
                0x0000000008001790                memset
 *(.glue_7)
 .glue_7        0x00000000080017a0        0x0 linker stubs
 *(.glue_7t)
 .glue_7t       0x00000000080017a0        0x0 linker stubs
 *(.eh_frame)
 .eh_frame      0x00000000080017a0        0x0 /opt/Atollic_TrueSTUDIO_for_STM32_x86_64_9.1.0/ARMTools/bin/../lib/gcc/arm-atollic-eabi/6.3.1/armv7e-m/fpu/crtbegin.o
 *(.init)
 .init          0x00000000080017a0        0x4 /opt/Atollic_TrueSTUDIO_for_STM32_x86_64_9.1.0/ARMTools/bin/../lib/gcc/arm-atollic-eabi/6.3.1/armv7e-m/fpu/crti.o
                0x00000000080017a0                _init
 .init          0x00000000080017a4        0x8 /opt/Atollic_TrueSTUDIO_for_STM32_x86_64_9.1.0/ARMTools/bin/../lib/gcc/arm-atollic-eabi/6.3.1/armv7e-m/fpu/crtn.o
 *(.fini)
 .fini          0x00000000080017ac        0x4 /opt/Atollic_TrueSTUDIO_for_STM32_x86_64_9.1.0/ARMTools/bin/../lib/gcc/arm-atollic-eabi/6.3.1/armv7e-m/fpu/crti.o
                0x00000000080017ac                _fini
 .fini          0x00000000080017b0        0x8 /opt/Atollic_TrueSTUDIO_for_STM32_x86_64_9.1.0/ARMTools/bin/../lib/gcc/arm-atollic-eabi/6.3.1/armv7e-m/fpu/crtn.o
                0x00000000080017b8                . = ALIGN (0x4)
                0x00000000080017b8                _etext = .

.vfp11_veneer   0x00000000080017b8        0x0
 .vfp11_veneer  0x00000000080017b8        0x0 linker stubs

.v4_bx          0x00000000080017b8        0x0
 .v4_bx         0x00000000080017b8        0x0 linker stubs

.iplt           0x00000000080017b8        0x0
 .iplt          0x00000000080017b8        0x0 /opt/Atollic_TrueSTUDIO_for_STM32_x86_64_9.1.0/ARMTools/bin/../lib/gcc/arm-atollic-eabi/6.3.1/armv7e-m/fpu/crtbegin.o

.rodata         0x00000000080017b8       0x18
                0x00000000080017b8                . = ALIGN (0x4)
 *(.rodata)
 *(.rodata*)
 .rodata.AHBPrescTable
                0x00000000080017b8       0x10 Src/system_stm32f4xx.o
                0x00000000080017b8                AHBPrescTable
 .rodata.APBPrescTable
                0x00000000080017c8        0x8 Src/system_stm32f4xx.o
                0x00000000080017c8                APBPrescTable
                0x00000000080017d0                . = ALIGN (0x4)

.ARM.extab
 *(.ARM.extab* .gnu.linkonce.armextab.*)

.ARM            0x00000000080017d0        0x8
                0x00000000080017d0                __exidx_start = .
 *(.ARM.exidx*)
 .ARM.exidx     0x00000000080017d0        0x8 /opt/Atollic_TrueSTUDIO_for_STM32_x86_64_9.1.0/ARMTools/bin/../lib/gcc/arm-atollic-eabi/6.3.1/armv7e-m/fpu/libgcc.a(_udivmoddi4.o)
                0x00000000080017d8                __exidx_end = .

.rel.dyn        0x00000000080017d8        0x0
 .rel.iplt      0x00000000080017d8        0x0 /opt/Atollic_TrueSTUDIO_for_STM32_x86_64_9.1.0/ARMTools/bin/../lib/gcc/arm-atollic-eabi/6.3.1/armv7e-m/fpu/crtbegin.o

.preinit_array  0x00000000080017d8        0x0
                0x00000000080017d8                PROVIDE (__preinit_array_start, .)
 *(.preinit_array*)
                0x00000000080017d8                PROVIDE (__preinit_array_end, .)

.init_array     0x00000000080017d8        0x4
                0x00000000080017d8                PROVIDE (__init_array_start, .)
 *(SORT(.init_array.*))
 *(.init_array*)
 .init_array    0x00000000080017d8        0x4 /opt/Atollic_TrueSTUDIO_for_STM32_x86_64_9.1.0/ARMTools/bin/../lib/gcc/arm-atollic-eabi/6.3.1/armv7e-m/fpu/crtbegin.o
                0x00000000080017dc                PROVIDE (__init_array_end, .)

.fini_array     0x00000000080017dc        0x4
                [!provide]                        PROVIDE (__fini_array_start, .)
 *(SORT(.fini_array.*))
 *(.fini_array*)
 .fini_array    0x00000000080017dc        0x4 /opt/Atollic_TrueSTUDIO_for_STM32_x86_64_9.1.0/ARMTools/bin/../lib/gcc/arm-atollic-eabi/6.3.1/armv7e-m/fpu/crtbegin.o
                [!provide]                        PROVIDE (__fini_array_end, .)
                0x00000000080017e0                _sidata = LOADADDR (.data)

.data           0x0000000020000000        0xc load address 0x00000000080017e0
                0x0000000020000000                . = ALIGN (0x4)
                0x0000000020000000                _sdata = .
 *(.data)
 *(.data*)
 .data.uwTickFreq
                0x0000000020000000        0x1 Drivers/STM32F4xx_HAL_Driver/Src/stm32f4xx_hal.o
                0x0000000020000000                uwTickFreq
 *fill*         0x0000000020000001        0x3 
 .data.uwTickPrio
                0x0000000020000004        0x4 Drivers/STM32F4xx_HAL_Driver/Src/stm32f4xx_hal.o
                0x0000000020000004                uwTickPrio
 .data.SystemCoreClock
                0x0000000020000008        0x4 Src/system_stm32f4xx.o
                0x0000000020000008                SystemCoreClock
                0x000000002000000c                . = ALIGN (0x4)
                0x000000002000000c                _edata = .

.igot.plt       0x000000002000000c        0x0 load address 0x00000000080017ec
 .igot.plt      0x000000002000000c        0x0 /opt/Atollic_TrueSTUDIO_for_STM32_x86_64_9.1.0/ARMTools/bin/../lib/gcc/arm-atollic-eabi/6.3.1/armv7e-m/fpu/crtbegin.o
                0x000000002000000c                . = ALIGN (0x4)

.bss            0x000000002000000c       0xa0 load address 0x00000000080017ec
                0x000000002000000c                _sbss = .
                0x000000002000000c                __bss_start__ = _sbss
 *(.bss)
 .bss           0x000000002000000c       0x1c /opt/Atollic_TrueSTUDIO_for_STM32_x86_64_9.1.0/ARMTools/bin/../lib/gcc/arm-atollic-eabi/6.3.1/armv7e-m/fpu/crtbegin.o
 *(.bss*)
 .bss.proba     0x0000000020000028        0x4 Src/main.o
 *(COMMON)
 COMMON         0x000000002000002c        0x4 Drivers/STM32F4xx_HAL_Driver/Src/stm32f4xx_hal.o
                0x000000002000002c                uwTick
 COMMON         0x0000000020000030       0x3c Src/tim.o
                0x0000000020000030                htim3
 COMMON         0x000000002000006c       0x40 Src/usart.o
                0x000000002000006c                huart2
                0x00000000200000ac                . = ALIGN (0x4)
                0x00000000200000ac                _ebss = .
                0x00000000200000ac                __bss_end__ = _ebss

._user_heap_stack
                0x00000000200000ac      0x600 load address 0x00000000080017ec
                0x00000000200000ac                . = ALIGN (0x4)
                [!provide]                        PROVIDE (end, .)
                [!provide]                        PROVIDE (_end, .)
                0x00000000200002ac                . = (. + _Min_Heap_Size)
 *fill*         0x00000000200000ac      0x200 
                0x00000000200006ac                . = (. + _Min_Stack_Size)
 *fill*         0x00000000200002ac      0x400 
                0x00000000200006ac                . = ALIGN (0x4)

/DISCARD/
 libc.a(*)
 libm.a(*)
 libgcc.a(*)

.ARM.attributes
                0x0000000000000000       0x30
 *(.ARM.attributes)
 .ARM.attributes
                0x0000000000000000       0x22 /opt/Atollic_TrueSTUDIO_for_STM32_x86_64_9.1.0/ARMTools/bin/../lib/gcc/arm-atollic-eabi/6.3.1/armv7e-m/fpu/crti.o
 .ARM.attributes
                0x0000000000000022       0x34 /opt/Atollic_TrueSTUDIO_for_STM32_x86_64_9.1.0/ARMTools/bin/../lib/gcc/arm-atollic-eabi/6.3.1/armv7e-m/fpu/crtbegin.o
 .ARM.attributes
                0x0000000000000056       0x39 Drivers/STM32F4xx_HAL_Driver/Src/stm32f4xx_hal.o
 .ARM.attributes
                0x000000000000008f       0x39 Drivers/STM32F4xx_HAL_Driver/Src/stm32f4xx_hal_cortex.o
 .ARM.attributes
                0x00000000000000c8       0x39 Drivers/STM32F4xx_HAL_Driver/Src/stm32f4xx_hal_gpio.o
 .ARM.attributes
                0x0000000000000101       0x39 Drivers/STM32F4xx_HAL_Driver/Src/stm32f4xx_hal_rcc.o
 .ARM.attributes
                0x000000000000013a       0x39 Drivers/STM32F4xx_HAL_Driver/Src/stm32f4xx_hal_tim.o
 .ARM.attributes
                0x0000000000000173       0x39 Drivers/STM32F4xx_HAL_Driver/Src/stm32f4xx_hal_tim_ex.o
 .ARM.attributes
                0x00000000000001ac       0x39 Drivers/STM32F4xx_HAL_Driver/Src/stm32f4xx_hal_uart.o
 .ARM.attributes
                0x00000000000001e5       0x39 Src/gpio.o
 .ARM.attributes
                0x000000000000021e       0x39 Src/main.o
 .ARM.attributes
                0x0000000000000257       0x39 Src/stm32f4xx_hal_msp.o
 .ARM.attributes
                0x0000000000000290       0x39 Src/stm32f4xx_it.o
 .ARM.attributes
                0x00000000000002c9       0x39 Src/system_stm32f4xx.o
 .ARM.attributes
                0x0000000000000302       0x39 Src/tim.o
 .ARM.attributes
                0x000000000000033b       0x39 Src/usart.o
 .ARM.attributes
                0x0000000000000374       0x21 startup/startup_stm32f401xe.o
 .ARM.attributes
                0x0000000000000395       0x34 /opt/Atollic_TrueSTUDIO_for_STM32_x86_64_9.1.0/ARMTools/bin/../lib/gcc/arm-atollic-eabi/6.3.1/../../../../arm-atollic-eabi/lib/armv7e-m/fpu/libc_nano.a(lib_a-init.o)
 .ARM.attributes
                0x00000000000003c9       0x34 /opt/Atollic_TrueSTUDIO_for_STM32_x86_64_9.1.0/ARMTools/bin/../lib/gcc/arm-atollic-eabi/6.3.1/../../../../arm-atollic-eabi/lib/armv7e-m/fpu/libc_nano.a(lib_a-memset.o)
 .ARM.attributes
                0x00000000000003fd       0x22 /opt/Atollic_TrueSTUDIO_for_STM32_x86_64_9.1.0/ARMTools/bin/../lib/gcc/arm-atollic-eabi/6.3.1/armv7e-m/fpu/libgcc.a(_aeabi_uldivmod.o)
 .ARM.attributes
                0x000000000000041f       0x34 /opt/Atollic_TrueSTUDIO_for_STM32_x86_64_9.1.0/ARMTools/bin/../lib/gcc/arm-atollic-eabi/6.3.1/armv7e-m/fpu/libgcc.a(_udivmoddi4.o)
 .ARM.attributes
                0x0000000000000453       0x22 /opt/Atollic_TrueSTUDIO_for_STM32_x86_64_9.1.0/ARMTools/bin/../lib/gcc/arm-atollic-eabi/6.3.1/armv7e-m/fpu/libgcc.a(_dvmd_tls.o)
 .ARM.attributes
                0x0000000000000475       0x22 /opt/Atollic_TrueSTUDIO_for_STM32_x86_64_9.1.0/ARMTools/bin/../lib/gcc/arm-atollic-eabi/6.3.1/armv7e-m/fpu/crtn.o
OUTPUT(Timer_interrupt_blink.elf elf32-littlearm)

.debug_info     0x0000000000000000    0x12e9c
 .debug_info    0x0000000000000000     0x117a Drivers/STM32F4xx_HAL_Driver/Src/stm32f4xx_hal.o
 .debug_info    0x000000000000117a     0x16ae Drivers/STM32F4xx_HAL_Driver/Src/stm32f4xx_hal_cortex.o
 .debug_info    0x0000000000002828      0xfaf Drivers/STM32F4xx_HAL_Driver/Src/stm32f4xx_hal_gpio.o
 .debug_info    0x00000000000037d7     0x1293 Drivers/STM32F4xx_HAL_Driver/Src/stm32f4xx_hal_rcc.o
 .debug_info    0x0000000000004a6a     0x3b9a Drivers/STM32F4xx_HAL_Driver/Src/stm32f4xx_hal_tim.o
 .debug_info    0x0000000000008604     0x199d Drivers/STM32F4xx_HAL_Driver/Src/stm32f4xx_hal_tim_ex.o
 .debug_info    0x0000000000009fa1     0x1e9b Drivers/STM32F4xx_HAL_Driver/Src/stm32f4xx_hal_uart.o
 .debug_info    0x000000000000be3c      0xd44 Src/gpio.o
 .debug_info    0x000000000000cb80     0x15c7 Src/main.o
 .debug_info    0x000000000000e147      0xb6e Src/stm32f4xx_hal_msp.o
 .debug_info    0x000000000000ecb5      0xeaf Src/stm32f4xx_it.o
 .debug_info    0x000000000000fb64      0xd46 Src/system_stm32f4xx.o
 .debug_info    0x00000000000108aa     0x13a8 Src/tim.o
 .debug_info    0x0000000000011c52     0x11d1 Src/usart.o
 .debug_info    0x0000000000012e23       0x79 startup/startup_stm32f401xe.o

.debug_abbrev   0x0000000000000000     0x2599
 .debug_abbrev  0x0000000000000000      0x308 Drivers/STM32F4xx_HAL_Driver/Src/stm32f4xx_hal.o
 .debug_abbrev  0x0000000000000308      0x399 Drivers/STM32F4xx_HAL_Driver/Src/stm32f4xx_hal_cortex.o
 .debug_abbrev  0x00000000000006a1      0x268 Drivers/STM32F4xx_HAL_Driver/Src/stm32f4xx_hal_gpio.o
 .debug_abbrev  0x0000000000000909      0x353 Drivers/STM32F4xx_HAL_Driver/Src/stm32f4xx_hal_rcc.o
 .debug_abbrev  0x0000000000000c5c      0x3ac Drivers/STM32F4xx_HAL_Driver/Src/stm32f4xx_hal_tim.o
 .debug_abbrev  0x0000000000001008      0x300 Drivers/STM32F4xx_HAL_Driver/Src/stm32f4xx_hal_tim_ex.o
 .debug_abbrev  0x0000000000001308      0x397 Drivers/STM32F4xx_HAL_Driver/Src/stm32f4xx_hal_uart.o
 .debug_abbrev  0x000000000000169f      0x204 Src/gpio.o
 .debug_abbrev  0x00000000000018a3      0x27e Src/main.o
 .debug_abbrev  0x0000000000001b21      0x1d2 Src/stm32f4xx_hal_msp.o
 .debug_abbrev  0x0000000000001cf3      0x226 Src/stm32f4xx_it.o
 .debug_abbrev  0x0000000000001f19      0x1ca Src/system_stm32f4xx.o
 .debug_abbrev  0x00000000000020e3      0x257 Src/tim.o
 .debug_abbrev  0x000000000000233a      0x24d Src/usart.o
 .debug_abbrev  0x0000000000002587       0x12 startup/startup_stm32f401xe.o

.debug_loc      0x0000000000000000     0x5a29
 .debug_loc     0x0000000000000000      0x11b Drivers/STM32F4xx_HAL_Driver/Src/stm32f4xx_hal.o
 .debug_loc     0x000000000000011b      0x4fb Drivers/STM32F4xx_HAL_Driver/Src/stm32f4xx_hal_cortex.o
 .debug_loc     0x0000000000000616      0x381 Drivers/STM32F4xx_HAL_Driver/Src/stm32f4xx_hal_gpio.o
 .debug_loc     0x0000000000000997      0x336 Drivers/STM32F4xx_HAL_Driver/Src/stm32f4xx_hal_rcc.o
 .debug_loc     0x0000000000000ccd     0x2ff9 Drivers/STM32F4xx_HAL_Driver/Src/stm32f4xx_hal_tim.o
 .debug_loc     0x0000000000003cc6      0x84a Drivers/STM32F4xx_HAL_Driver/Src/stm32f4xx_hal_tim_ex.o
 .debug_loc     0x0000000000004510     0x132c Drivers/STM32F4xx_HAL_Driver/Src/stm32f4xx_hal_uart.o
 .debug_loc     0x000000000000583c       0x2c Src/main.o
 .debug_loc     0x0000000000005868      0x11c Src/system_stm32f4xx.o
 .debug_loc     0x0000000000005984       0x4d Src/tim.o
 .debug_loc     0x00000000000059d1       0x58 Src/usart.o

.debug_aranges  0x0000000000000000      0x888
 .debug_aranges
                0x0000000000000000       0xd8 Drivers/STM32F4xx_HAL_Driver/Src/stm32f4xx_hal.o
 .debug_aranges
                0x00000000000000d8       0xa8 Drivers/STM32F4xx_HAL_Driver/Src/stm32f4xx_hal_cortex.o
 .debug_aranges
                0x0000000000000180       0x58 Drivers/STM32F4xx_HAL_Driver/Src/stm32f4xx_hal_gpio.o
 .debug_aranges
                0x00000000000001d8       0x88 Drivers/STM32F4xx_HAL_Driver/Src/stm32f4xx_hal_rcc.o
 .debug_aranges
                0x0000000000000260      0x250 Drivers/STM32F4xx_HAL_Driver/Src/stm32f4xx_hal_tim.o
 .debug_aranges
                0x00000000000004b0       0xf0 Drivers/STM32F4xx_HAL_Driver/Src/stm32f4xx_hal_tim_ex.o
 .debug_aranges
                0x00000000000005a0      0x170 Drivers/STM32F4xx_HAL_Driver/Src/stm32f4xx_hal_uart.o
 .debug_aranges
                0x0000000000000710       0x20 Src/gpio.o
 .debug_aranges
                0x0000000000000730       0x38 Src/main.o
 .debug_aranges
                0x0000000000000768       0x20 Src/stm32f4xx_hal_msp.o
 .debug_aranges
                0x0000000000000788       0x50 Src/stm32f4xx_it.o
 .debug_aranges
                0x00000000000007d8       0x28 Src/system_stm32f4xx.o
 .debug_aranges
                0x0000000000000800       0x30 Src/tim.o
 .debug_aranges
                0x0000000000000830       0x30 Src/usart.o
 .debug_aranges
                0x0000000000000860       0x28 startup/startup_stm32f401xe.o

.debug_ranges   0x0000000000000000      0xa58
 .debug_ranges  0x0000000000000000       0xc8 Drivers/STM32F4xx_HAL_Driver/Src/stm32f4xx_hal.o
 .debug_ranges  0x00000000000000c8      0x138 Drivers/STM32F4xx_HAL_Driver/Src/stm32f4xx_hal_cortex.o
 .debug_ranges  0x0000000000000200       0x68 Drivers/STM32F4xx_HAL_Driver/Src/stm32f4xx_hal_gpio.o
 .debug_ranges  0x0000000000000268       0xb0 Drivers/STM32F4xx_HAL_Driver/Src/stm32f4xx_hal_rcc.o
 .debug_ranges  0x0000000000000318      0x330 Drivers/STM32F4xx_HAL_Driver/Src/stm32f4xx_hal_tim.o
 .debug_ranges  0x0000000000000648       0xe0 Drivers/STM32F4xx_HAL_Driver/Src/stm32f4xx_hal_tim_ex.o
 .debug_ranges  0x0000000000000728      0x178 Drivers/STM32F4xx_HAL_Driver/Src/stm32f4xx_hal_uart.o
 .debug_ranges  0x00000000000008a0       0x48 Src/gpio.o
 .debug_ranges  0x00000000000008e8       0x60 Src/main.o
 .debug_ranges  0x0000000000000948       0x28 Src/stm32f4xx_hal_msp.o
 .debug_ranges  0x0000000000000970       0x40 Src/stm32f4xx_it.o
 .debug_ranges  0x00000000000009b0       0x18 Src/system_stm32f4xx.o
 .debug_ranges  0x00000000000009c8       0x38 Src/tim.o
 .debug_ranges  0x0000000000000a00       0x38 Src/usart.o
 .debug_ranges  0x0000000000000a38       0x20 startup/startup_stm32f401xe.o

.debug_line     0x0000000000000000     0x49f8
 .debug_line    0x0000000000000000      0x471 Drivers/STM32F4xx_HAL_Driver/Src/stm32f4xx_hal.o
 .debug_line    0x0000000000000471      0x4bb Drivers/STM32F4xx_HAL_Driver/Src/stm32f4xx_hal_cortex.o
 .debug_line    0x000000000000092c      0x43d Drivers/STM32F4xx_HAL_Driver/Src/stm32f4xx_hal_gpio.o
 .debug_line    0x0000000000000d69      0x56a Drivers/STM32F4xx_HAL_Driver/Src/stm32f4xx_hal_rcc.o
 .debug_line    0x00000000000012d3     0x1093 Drivers/STM32F4xx_HAL_Driver/Src/stm32f4xx_hal_tim.o
 .debug_line    0x0000000000002366      0x6aa Drivers/STM32F4xx_HAL_Driver/Src/stm32f4xx_hal_tim_ex.o
 .debug_line    0x0000000000002a10      0xbce Drivers/STM32F4xx_HAL_Driver/Src/stm32f4xx_hal_uart.o
 .debug_line    0x00000000000035de      0x26f Src/gpio.o
 .debug_line    0x000000000000384d      0x379 Src/main.o
 .debug_line    0x0000000000003bc6      0x265 Src/stm32f4xx_hal_msp.o
 .debug_line    0x0000000000003e2b      0x2fa Src/stm32f4xx_it.o
 .debug_line    0x0000000000004125      0x254 Src/system_stm32f4xx.o
 .debug_line    0x0000000000004379      0x30b Src/tim.o
 .debug_line    0x0000000000004684      0x2f5 Src/usart.o
 .debug_line    0x0000000000004979       0x7f startup/startup_stm32f401xe.o

.debug_str      0x0000000000000000     0x3554
 .debug_str     0x0000000000000000      0xdc5 Drivers/STM32F4xx_HAL_Driver/Src/stm32f4xx_hal.o
                                        0xe6b (size before relaxing)
 .debug_str     0x0000000000000dc5      0x3ca Drivers/STM32F4xx_HAL_Driver/Src/stm32f4xx_hal_cortex.o
                                        0xf30 (size before relaxing)
 .debug_str     0x000000000000118f      0x1de Drivers/STM32F4xx_HAL_Driver/Src/stm32f4xx_hal_gpio.o
                                        0x97a (size before relaxing)
 .debug_str     0x000000000000136d      0x2e9 Drivers/STM32F4xx_HAL_Driver/Src/stm32f4xx_hal_rcc.o
                                        0xb4d (size before relaxing)
 .debug_str     0x0000000000001656     0x1134 Drivers/STM32F4xx_HAL_Driver/Src/stm32f4xx_hal_tim.o
                                       0x182d (size before relaxing)
 .debug_str     0x000000000000278a      0x50d Drivers/STM32F4xx_HAL_Driver/Src/stm32f4xx_hal_tim_ex.o
                                       0x10ed (size before relaxing)
 .debug_str     0x0000000000002c97      0x6e7 Drivers/STM32F4xx_HAL_Driver/Src/stm32f4xx_hal_uart.o
                                       0x106a (size before relaxing)
 .debug_str     0x000000000000337e       0x22 Src/gpio.o
                                        0x81a (size before relaxing)
 .debug_str     0x00000000000033a0       0x68 Src/main.o
                                        0xf60 (size before relaxing)
 .debug_str     0x0000000000003408       0x1b Src/stm32f4xx_hal_msp.o
                                        0x77f (size before relaxing)
 .debug_str     0x0000000000003423       0xb6 Src/stm32f4xx_it.o
                                        0xb0e (size before relaxing)
 .debug_str     0x00000000000034d9       0x45 Src/system_stm32f4xx.o
                                        0x7de (size before relaxing)
 .debug_str     0x000000000000351e       0x1c Src/tim.o
                                       0x10a1 (size before relaxing)
 .debug_str     0x000000000000353a       0x1a Src/usart.o
                                        0xc5e (size before relaxing)

.comment        0x0000000000000000       0x7c
 .comment       0x0000000000000000       0x7c Drivers/STM32F4xx_HAL_Driver/Src/stm32f4xx_hal.o
                                         0x7d (size before relaxing)
 .comment       0x000000000000007c       0x7d Drivers/STM32F4xx_HAL_Driver/Src/stm32f4xx_hal_cortex.o
 .comment       0x000000000000007c       0x7d Drivers/STM32F4xx_HAL_Driver/Src/stm32f4xx_hal_gpio.o
 .comment       0x000000000000007c       0x7d Drivers/STM32F4xx_HAL_Driver/Src/stm32f4xx_hal_rcc.o
 .comment       0x000000000000007c       0x7d Drivers/STM32F4xx_HAL_Driver/Src/stm32f4xx_hal_tim.o
 .comment       0x000000000000007c       0x7d Drivers/STM32F4xx_HAL_Driver/Src/stm32f4xx_hal_tim_ex.o
 .comment       0x000000000000007c       0x7d Drivers/STM32F4xx_HAL_Driver/Src/stm32f4xx_hal_uart.o
 .comment       0x000000000000007c       0x7d Src/gpio.o
 .comment       0x000000000000007c       0x7d Src/main.o
 .comment       0x000000000000007c       0x7d Src/stm32f4xx_hal_msp.o
 .comment       0x000000000000007c       0x7d Src/stm32f4xx_it.o
 .comment       0x000000000000007c       0x7d Src/system_stm32f4xx.o
 .comment       0x000000000000007c       0x7d Src/tim.o
 .comment       0x000000000000007c       0x7d Src/usart.o

.debug_frame    0x0000000000000000     0x1864
 .debug_frame   0x0000000000000000      0x1d0 Drivers/STM32F4xx_HAL_Driver/Src/stm32f4xx_hal.o
 .debug_frame   0x00000000000001d0      0x158 Drivers/STM32F4xx_HAL_Driver/Src/stm32f4xx_hal_cortex.o
 .debug_frame   0x0000000000000328       0xd8 Drivers/STM32F4xx_HAL_Driver/Src/stm32f4xx_hal_gpio.o
 .debug_frame   0x0000000000000400      0x13c Drivers/STM32F4xx_HAL_Driver/Src/stm32f4xx_hal_rcc.o
 .debug_frame   0x000000000000053c      0x854 Drivers/STM32F4xx_HAL_Driver/Src/stm32f4xx_hal_tim.o
 .debug_frame   0x0000000000000d90      0x330 Drivers/STM32F4xx_HAL_Driver/Src/stm32f4xx_hal_tim_ex.o
 .debug_frame   0x00000000000010c0      0x4a0 Drivers/STM32F4xx_HAL_Driver/Src/stm32f4xx_hal_uart.o
 .debug_frame   0x0000000000001560       0x30 Src/gpio.o
 .debug_frame   0x0000000000001590       0x68 Src/main.o
 .debug_frame   0x00000000000015f8       0x28 Src/stm32f4xx_hal_msp.o
 .debug_frame   0x0000000000001620       0xb0 Src/stm32f4xx_it.o
 .debug_frame   0x00000000000016d0       0x38 Src/system_stm32f4xx.o
 .debug_frame   0x0000000000001708       0x50 Src/tim.o
 .debug_frame   0x0000000000001758       0x60 Src/usart.o
 .debug_frame   0x00000000000017b8       0x2c /opt/Atollic_TrueSTUDIO_for_STM32_x86_64_9.1.0/ARMTools/bin/../lib/gcc/arm-atollic-eabi/6.3.1/../../../../arm-atollic-eabi/lib/armv7e-m/fpu/libc_nano.a(lib_a-init.o)
 .debug_frame   0x00000000000017e4       0x20 /opt/Atollic_TrueSTUDIO_for_STM32_x86_64_9.1.0/ARMTools/bin/../lib/gcc/arm-atollic-eabi/6.3.1/../../../../arm-atollic-eabi/lib/armv7e-m/fpu/libc_nano.a(lib_a-memset.o)
 .debug_frame   0x0000000000001804       0x2c /opt/Atollic_TrueSTUDIO_for_STM32_x86_64_9.1.0/ARMTools/bin/../lib/gcc/arm-atollic-eabi/6.3.1/armv7e-m/fpu/libgcc.a(_aeabi_uldivmod.o)
 .debug_frame   0x0000000000001830       0x34 /opt/Atollic_TrueSTUDIO_for_STM32_x86_64_9.1.0/ARMTools/bin/../lib/gcc/arm-atollic-eabi/6.3.1/armv7e-m/fpu/libgcc.a(_udivmoddi4.o)
